
> stitch_mr._scouting_landing_page@0.1.0 build
> next build

Ôû▓ Next.js 16.1.6 (Turbopack)
- Environments: .env.local

  Creating an optimized production build ...
node.exe : 
En C:\Program 
Files\nodejs\npm.ps1: 29 
Carácter: 3
+   & $NODE_EXE 
$NPM_CLI_JS $args
+   ~~~~~~~~~~~~~~~~~~~~~~
~~~~~~~
    + CategoryInfo        
      : NotSpecified: (:  
  String) [], RemoteExc   
 eption
    + FullyQualifiedError 
   Id : NativeCommandErr  
  or
 
> Build error occurred
Error: Turbopack build 
failed with 1 errors:
./src/app/(public)/page.ts
x:111:34
Parsing ecmascript source 
code failed
[0m [90m 109 |[39m     
        
[33m<[39m[33mmain[39m 
className[33m=[39m[32m"
relative 
z-10"[39m[33m>[39m
 [90m 110 |[39m         
        {[90m/* STEP 0: 
Hero Section */[39m}
[31m[1m>[22m[39m[90m 
111 |[39m                
 [33m<[39m[33msection[
39m className[33m=[39m{
[32m"relative pt-10 
md:pt-16 pb-24 px-6 
md:min-h-[80vh] 
items-center md:flex 
\"}>[39m
 [90m     |[39m         
                         
[31m[1m^[22m[39m[31m[
1m^[22m[39m[31m[1m^[2
2m[39m[31m[1m^[22m[39
m[31m[1m^[22m[39m[31m
[1m^[22m[39m[31m[1m^
[22m[39m[31m[1m^[22m[
39m[31m[1m^[22m[39m[3
1m[1m^[22m[39m[31m[1m
^[22m[39m[31m[1m^[22m
[39m[31m[1m^[22m[39m
[31m[1m^[22m[39m[31m[
1m^[22m[39m[31m[1m^[2
2m[39m[31m[1m^[22m[39
m[31m[1m^[22m[39m[31m
[1m^[22m[39m[31m[1m^
[22m[39m[31m[1m^[22m[
39m[31m[1m^[22m[39m[3
1m[1m^[22m[39m[31m[1m
^[22m[39m[31m[1m^[22m
[39m[31m[1m^[22m[39m
[31m[1m^[22m[39m[31m[
1m^[22m[39m[31m[1m^[2
2m[39m[31m[1m^[22m[39
m[31m[1m^[22m[39m[31m
[1m^[22m[39m[31m[1m^
[22m[39m[31m[1m^[22m[
39m[31m[1m^[22m[39m[3
1m[1m^[22m[39m[31m[1m
^[22m[39m[31m[1m^[22m
[39m[31m[1m^[22m[39m
[31m[1m^[22m[39m[31m[
1m^[22m[39m[31m[1m^[2
2m[39m[31m[1m^[22m[39
m[31m[1m^[22m[39m[31m
[1m^[22m[39m[31m[1m^
[22m[39m[31m[1m^[22m[
39m[31m[1m^[22m[39m[3
1m[1m^[22m[39m[31m[1m
^[22m[39m[31m[1m^[22m
[39m[31m[1m^[22m[39m
[31m[1m^[22m[39m[31m[
1m^[22m[39m[31m[1m^[2
2m[39m[31m[1m^[22m[39
m[31m[1m^[22m[39m[31m
[1m^[22m[39m[31m[1m^
[22m[39m[31m[1m^[22m[
39m[31m[1m^[22m[39m[3
1m[1m^[22m[39m[31m[1m
^[22m[39m[31m[1m^[22m
[39m[31m[1m^[22m[39m
[31m[1m^[22m[39m[31m[
1m^[22m[39m[31m[1m^[2
2m[39m[31m[1m^[22m[39
m[31m[1m^[22m[39m[31m
[1m^[22m[39m[31m[1m^
[22m[39m[31m[1m^[22m[
39m[31m[1m^[22m[39m[3
1m[1m^[22m[39m[31m[1m
^[22m[39m[31m[1m^[22m
[39m
 [90m 112 |[39m         
            
[33m<[39m[33mdiv[39m c
lassName[33m=[39m[32m"m
ax-w-4xl mx-auto 
text-center 
space-y-8"[39m[33m>[39m
 [90m 113 |[39m         
                
[33m<[39m[33mdiv[39m c
lassName[33m=[39m[32m"i
nline-flex items-center 
gap-2 bg-blue-600/10 
border border-blue-600/20 
text-blue-400 px-4 py-1.5 
rounded-full text-xs 
font-bold shadow-2xl"[39m
[33m>[39m
 [90m 114 |[39m         
                    
[33m<[39m[33mspan[39m 
className[33m=[39m[32m"
relative flex h-2 
w-2"[39m[33m>[39m[0m

Unterminated string 
constant


    at <unknown> (./src/ap
p/(public)/page.tsx:111:34
)
